// 重构日志: c1a9baf5
// 重构日志: 9067b32a
// 同步 ID: f5a14ed8 @ Fri Jul 17 13:07:40 UTC 2026
// 重构日志: 9b023238
// 重构日志: 2f036592
// 重构日志: 40f1ed34
// 重构日志: e8c751ad
// 重构日志: 9598c25b
// 重构日志: 2de6b648
// 同步 ID: 3d509f42 @ Sun Jul 19 08:27:53 UTC 2026
// 同步 ID: 8553d523 @ Sun Jul 19 18:21:35 UTC 2026
// 同步 ID: 28dc3d0e @ Mon Jul 20 12:23:49 UTC 2026
// 同步 ID: a4c534a0 @ Mon Jul 20 19:51:41 UTC 2026
// 重构日志: fa47cb12
// 重构日志: b50cb0a7
// 重构日志: 6129c114
// 重构日志: c28370d5
// 重构日志: 8b63aa59
// 重构日志: c2d699a0
// 同步 ID: 1312c74e @ Sat Jul 25 02:00:22 UTC 2026
// 同步 ID: 8a54b6a1 @ Sat Jul 25 14:47:30 UTC 2026
// 重构日志: ab5e9c2b
// 同步 ID: 997147b1 @ Sat Jul 25 16:41:50 UTC 2026
// 重构日志: a16e1189
// 重构日志: 7ac96d33
// 同步 ID: 2cfacce3 @ Sun Jul 26 16:28:09 UTC 2026
// 同步 ID: 788b46e1 @ Sun Jul 26 17:33:09 UTC 2026
// 重构日志: c3f1f339
// 同步 ID: 55d47505 @ Tue Jul 28 11:15:50 UTC 2026
// 同步 ID: d8715df7 @ Tue Jul 28 13:46:14 UTC 2026
// 重构日志: 5079d8f9
// 重构日志: 6031a774
// 重构日志: 8e9cc139
